------------------------------------------------------------
Timing Analyzer Summary
------------------------------------------------------------

Type  : Slow 1200mV 85C Model Setup 'clk'
Slack : -9.089
TNS   : -893.755

Type  : Slow 1200mV 85C Model Hold 'clk'
Slack : 0.454
TNS   : 0.000

Type  : Slow 1200mV 85C Model Recovery 'clk'
Slack : -3.574
TNS   : -104.830

Type  : Slow 1200mV 85C Model Removal 'clk'
Slack : 2.710
TNS   : 0.000

Type  : Slow 1200mV 85C Model Minimum Pulse Width 'clk'
Slack : -3.000
TNS   : -184.414

Type  : Slow 1200mV 0C Model Setup 'clk'
Slack : -8.258
TNS   : -824.344

Type  : Slow 1200mV 0C Model Hold 'clk'
Slack : 0.403
TNS   : 0.000

Type  : Slow 1200mV 0C Model Recovery 'clk'
Slack : -3.252
TNS   : -95.588

Type  : Slow 1200mV 0C Model Removal 'clk'
Slack : 2.407
TNS   : 0.000

Type  : Slow 1200mV 0C Model Minimum Pulse Width 'clk'
Slack : -3.000
TNS   : -184.414

Type  : Fast 1200mV 0C Model Setup 'clk'
Slack : -3.462
TNS   : -320.513

Type  : Fast 1200mV 0C Model Hold 'clk'
Slack : 0.187
TNS   : 0.000

Type  : Fast 1200mV 0C Model Recovery 'clk'
Slack : -1.024
TNS   : -29.141

Type  : Fast 1200mV 0C Model Removal 'clk'
Slack : 1.142
TNS   : 0.000

Type  : Fast 1200mV 0C Model Minimum Pulse Width 'clk'
Slack : -3.000
TNS   : -135.222

------------------------------------------------------------
